[start] 2025-10-14T13:47:22+00:00
===> Verifying dependencies...
===> Cleaning out hb...
===> Fetching pc v1.15.0
===> Analyzing applications...
===> Compiling pc
===> Fetching rebar3_rustler v0.1.1
===> Fetching rebar3_cargo v0.1.1
===> Fetching cargo v0.1.3
===> Fetching jsx v2.11.0
===> Analyzing applications...
===> Compiling jsx
===> Compiling cargo
===> Compiling rebar3_cargo
===> Compiling rebar3_rustler
===> Fetching rebar_edown_plugin v0.7.0
===> Fetching rebar3_hex v7.0.11
===> Fetching hex_core v0.10.3
===> Fetching verl v1.1.1
===> Analyzing applications...
===> Compiling verl
===> Compiling hex_core
===> Compiling rebar3_hex
===> Fetching edown v0.8.4
===> Analyzing applications...
===> Compiling edown
===> Compiling rebar_edown_plugin
===> Verifying dependencies...
===> Fetching b64fast (from {git,"https://github.com/ArweaveTeam/b64fast.git",
                   {ref,"58f0502e49bf73b29d95c6d02460d1fb8d2a5273"}})
===> Fetching cowboy v2.14.0
===> Fetching cowlib v2.16.0
===> Fetching elmdb (from {git,"https://github.com/twilson63/elmdb-rs.git",
                 {ref,"90c8857cd4ccff341fbe415b96bc5703d17ff7f0"}})
===> Fetching graphql v0.17.1
===> Fetching rebar3_ex_doc v0.2.30
===> Analyzing applications...
===> Compiling rebar3_ex_doc
===> Fetching gun v2.2.0
===> Fetching luerl v1.3.0
===> Fetching prometheus v6.0.3
===> Fetching prometheus_cowboy v0.2.0
===> Fetching prometheus_httpd v2.1.15
===> Fetching ranch v2.2.0
===> Fetching accept v0.3.7
===> Fetching ddskerl v0.4.2
b64fast (locked git source 58f0502...)
cowboy (locked pkg source)
cowlib (locked pkg source)
elmdb* (locked git source 90c8857... <> git source feat/match)
graphql (locked pkg source)
gun (locked pkg source)
luerl (locked pkg source)
prometheus (locked pkg source)
prometheus_cowboy (locked pkg source)
prometheus_httpd (locked pkg source)
ranch (locked pkg source)

===> Verifying dependencies...
    Updating crates.io index
     Locking 22 packages to latest compatible versions
      Adding rustler v0.36.2 (available: v0.37.0)
   Compiling proc-macro2 v1.0.101
   Compiling shlex v1.3.0
   Compiling quote v1.0.41
   Compiling unicode-ident v1.0.19
   Compiling find-msvc-tools v0.1.4
   Compiling pkg-config v0.3.32
   Compiling libc v0.2.177
   Compiling regex-lite v0.1.8
   Compiling inventory v0.3.21
   Compiling heck v0.5.0
   Compiling cfg-if v1.0.3
   Compiling bitflags v1.3.2
   Compiling lazy_static v1.5.0
   Compiling libloading v0.8.9
   Compiling cc v1.2.41
   Compiling rustler v0.36.2
   Compiling syn v2.0.106
   Compiling lmdb-sys v0.8.0
error: failed to run custom build command for `lmdb-sys v0.8.0`

Caused by:
  process didn't exit successfully: `/home/ubuntu/HyperBEAM/_build/default/lib/elmdb/target/debug/build/lmdb-sys-508aace56cf7bfd9/build-script-build` (exit status: 1)
  --- stdout
  cargo:rerun-if-env-changed=LIBLMDB_NO_PKG_CONFIG
  cargo:rerun-if-env-changed=PKG_CONFIG_x86_64-unknown-linux-gnu
  cargo:rerun-if-env-changed=PKG_CONFIG_x86_64_unknown_linux_gnu
  cargo:rerun-if-env-changed=HOST_PKG_CONFIG
  cargo:rerun-if-env-changed=PKG_CONFIG
  cargo:rerun-if-env-changed=LIBLMDB_STATIC
  cargo:rerun-if-env-changed=LIBLMDB_DYNAMIC
  cargo:rerun-if-env-changed=PKG_CONFIG_ALL_STATIC
  cargo:rerun-if-env-changed=PKG_CONFIG_ALL_DYNAMIC
  cargo:rerun-if-env-changed=PKG_CONFIG_PATH_x86_64-unknown-linux-gnu
  cargo:rerun-if-env-changed=PKG_CONFIG_PATH_x86_64_unknown_linux_gnu
  cargo:rerun-if-env-changed=HOST_PKG_CONFIG_PATH
  cargo:rerun-if-env-changed=PKG_CONFIG_PATH
  cargo:rerun-if-env-changed=PKG_CONFIG_LIBDIR_x86_64-unknown-linux-gnu
  cargo:rerun-if-env-changed=PKG_CONFIG_LIBDIR_x86_64_unknown_linux_gnu
  cargo:rerun-if-env-changed=HOST_PKG_CONFIG_LIBDIR
  cargo:rerun-if-env-changed=PKG_CONFIG_LIBDIR
  cargo:rerun-if-env-changed=PKG_CONFIG_SYSROOT_DIR_x86_64-unknown-linux-gnu
  cargo:rerun-if-env-changed=PKG_CONFIG_SYSROOT_DIR_x86_64_unknown_linux_gnu
  cargo:rerun-if-env-changed=HOST_PKG_CONFIG_SYSROOT_DIR
  cargo:rerun-if-env-changed=PKG_CONFIG_SYSROOT_DIR
  OUT_DIR = Some(/home/ubuntu/HyperBEAM/_build/default/lib/elmdb/target/debug/build/lmdb-sys-49abb65fd6cf3776/out)
  TARGET = Some(x86_64-unknown-linux-gnu)
  CARGO_ENCODED_RUSTFLAGS = Some()
  HOST = Some(x86_64-unknown-linux-gnu)
  cargo:rerun-if-env-changed=CC_x86_64-unknown-linux-gnu
  CC_x86_64-unknown-linux-gnu = None
  cargo:rerun-if-env-changed=CC_x86_64_unknown_linux_gnu
  CC_x86_64_unknown_linux_gnu = None
  cargo:rerun-if-env-changed=HOST_CC
  HOST_CC = None
  cargo:rerun-if-env-changed=CC
  CC = Some(ccache gcc)
  cargo:rerun-if-env-changed=CC_KNOWN_WRAPPER_CUSTOM
  CC_KNOWN_WRAPPER_CUSTOM = None
  cargo:rerun-if-env-changed=CC_ENABLE_DEBUG_OUTPUT
  cargo:rerun-if-env-changed=CRATE_CC_NO_DEFAULTS
  CRATE_CC_NO_DEFAULTS = None
  DEBUG = Some(true)
  CARGO_CFG_TARGET_FEATURE = Some(fxsr,sse,sse2)
  cargo:rerun-if-env-changed=CFLAGS
  CFLAGS = None
  cargo:rerun-if-env-changed=HOST_CFLAGS
  HOST_CFLAGS = None
  cargo:rerun-if-env-changed=CFLAGS_x86_64_unknown_linux_gnu
  CFLAGS_x86_64_unknown_linux_gnu = None
  cargo:rerun-if-env-changed=CFLAGS_x86_64-unknown-linux-gnu
  CFLAGS_x86_64-unknown-linux-gnu = None

  --- stderr


  error occurred in cc-rs: failed to find tool "ccache": No such file or directory (os error 2)


warning: build failed, waiting for other jobs to finish...
===> Uncaught error in rebar_core. Run with DIAGNOSTIC=1 to see stacktrace or consult rebar3.crashdump
===> When submitting a bug report, please include the output of `rebar3 report "your command"`
